Java HotSpot(TM) 64-Bit Server VM (25.181-b13) for bsd-amd64 JRE (1.8.0_181-b13), built on Jul  7 2018 01:02:31 by "java_re" with gcc 4.2.1 (Based on Apple Inc. build 5658) (LLVM build 2336.11.00)
Memory: 4k page, physical 16777216k(174080k free)

/proc/meminfo:

CommandLine flags: -XX:-BytecodeVerificationLocal -XX:-BytecodeVerificationRemote -XX:InitialHeapSize=268435456 -XX:+ManagementServer -XX:MaxHeapSize=4294967296 -XX:+PrintGC -XX:+PrintGCDateStamps -XX:+PrintGCDetails -XX:+PrintGCTimeStamps -XX:+PrintReferenceGC -XX:TieredStopAtLevel=1 -XX:+UseCompressedClassPointers -XX:+UseCompressedOops -XX:+UseG1GC 
2021-11-12T11:43:14.620-0800: 0.738: [GC pause (G1 Evacuation Pause) (young)2021-11-12T11:43:14.629-0800: 0.747: [SoftReference, 0 refs, 0.0000587 secs]2021-11-12T11:43:14.629-0800: 0.747: [WeakReference, 179 refs, 0.0000221 secs]2021-11-12T11:43:14.629-0800: 0.747: [FinalReference, 730 refs, 0.0005114 secs]2021-11-12T11:43:14.630-0800: 0.748: [PhantomReference, 0 refs, 0 refs, 0.0000050 secs]2021-11-12T11:43:14.630-0800: 0.748: [JNI Weak Reference, 0.0002115 secs], 0.0105471 secs]
   [Parallel Time: 9.0 ms, GC Workers: 8]
      [GC Worker Start (ms): Min: 737.8, Avg: 738.0, Max: 738.2, Diff: 0.4]
      [Ext Root Scanning (ms): Min: 0.1, Avg: 1.2, Max: 3.6, Diff: 3.4, Sum: 9.7]
      [Update RS (ms): Min: 0.0, Avg: 0.0, Max: 0.0, Diff: 0.0, Sum: 0.0]
         [Processed Buffers: Min: 0, Avg: 0.0, Max: 0, Diff: 0, Sum: 0]
      [Scan RS (ms): Min: 0.0, Avg: 0.0, Max: 0.2, Diff: 0.2, Sum: 0.3]
      [Code Root Scanning (ms): Min: 0.0, Avg: 3.6, Max: 7.4, Diff: 7.4, Sum: 28.5]
      [Object Copy (ms): Min: 0.0, Avg: 1.4, Max: 3.0, Diff: 3.0, Sum: 11.3]
      [Termination (ms): Min: 0.0, Avg: 2.0, Max: 2.6, Diff: 2.6, Sum: 15.9]
         [Termination Attempts: Min: 1, Avg: 3.1, Max: 9, Diff: 8, Sum: 25]
      [GC Worker Other (ms): Min: 0.0, Avg: 0.3, Max: 0.7, Diff: 0.7, Sum: 2.2]
      [GC Worker Total (ms): Min: 8.3, Avg: 8.5, Max: 8.7, Diff: 0.4, Sum: 67.9]
      [GC Worker End (ms): Min: 746.3, Avg: 746.4, Max: 746.6, Diff: 0.3]
   [Code Root Fixup: 0.0 ms]
   [Code Root Purge: 0.0 ms]
   [Clear CT: 0.0 ms]
   [Other: 1.5 ms]
      [Choose CSet: 0.0 ms]
      [Ref Proc: 1.1 ms]
      [Ref Enq: 0.0 ms]
      [Redirty Cards: 0.0 ms]
      [Humongous Register: 0.0 ms]
      [Humongous Reclaim: 0.0 ms]
      [Free CSet: 0.1 ms]
   [Eden: 24.0M(24.0M)->0.0B(35.0M) Survivors: 0.0B->3072.0K Heap: 24.0M(256.0M)->3378.5K(256.0M)]
 [Times: user=0.02 sys=0.01, real=0.01 secs] 
2021-11-12T11:43:14.903-0800: 1.021: [GC pause (G1 Evacuation Pause) (young)2021-11-12T11:43:14.912-0800: 1.030: [SoftReference, 0 refs, 0.0000643 secs]2021-11-12T11:43:14.912-0800: 1.030: [WeakReference, 323 refs, 0.0000442 secs]2021-11-12T11:43:14.912-0800: 1.030: [FinalReference, 1220 refs, 0.0017848 secs]2021-11-12T11:43:14.914-0800: 1.032: [PhantomReference, 0 refs, 0 refs, 0.0000063 secs]2021-11-12T11:43:14.914-0800: 1.032: [JNI Weak Reference, 0.0002284 secs], 0.0108237 secs]
   [Parallel Time: 8.2 ms, GC Workers: 8]
      [GC Worker Start (ms): Min: 1021.2, Avg: 1021.5, Max: 1021.9, Diff: 0.7]
      [Ext Root Scanning (ms): Min: 0.0, Avg: 0.3, Max: 0.9, Diff: 0.9, Sum: 2.7]
      [Update RS (ms): Min: 0.0, Avg: 0.0, Max: 0.1, Diff: 0.1, Sum: 0.1]
         [Processed Buffers: Min: 0, Avg: 0.1, Max: 1, Diff: 1, Sum: 1]
      [Scan RS (ms): Min: 0.0, Avg: 0.0, Max: 0.0, Diff: 0.0, Sum: 0.1]
      [Code Root Scanning (ms): Min: 0.0, Avg: 2.2, Max: 7.5, Diff: 7.5, Sum: 17.5]
      [Object Copy (ms): Min: 0.0, Avg: 1.2, Max: 2.5, Diff: 2.5, Sum: 9.3]
      [Termination (ms): Min: 0.0, Avg: 4.1, Max: 4.8, Diff: 4.8, Sum: 33.0]
         [Termination Attempts: Min: 1, Avg: 7.9, Max: 20, Diff: 19, Sum: 63]
      [GC Worker Other (ms): Min: 0.0, Avg: 0.0, Max: 0.0, Diff: 0.0, Sum: 0.1]
      [GC Worker Total (ms): Min: 7.5, Avg: 7.8, Max: 8.1, Diff: 0.7, Sum: 62.8]
      [GC Worker End (ms): Min: 1029.3, Avg: 1029.4, Max: 1029.4, Diff: 0.0]
   [Code Root Fixup: 0.0 ms]
   [Code Root Purge: 0.0 ms]
   [Clear CT: 0.0 ms]
   [Other: 2.5 ms]
      [Choose CSet: 0.0 ms]
      [Ref Proc: 2.3 ms]
      [Ref Enq: 0.0 ms]
      [Redirty Cards: 0.0 ms]
      [Humongous Register: 0.0 ms]
      [Humongous Reclaim: 0.0 ms]
      [Free CSet: 0.1 ms]
   [Eden: 35.0M(35.0M)->0.0B(148.0M) Survivors: 3072.0K->5120.0K Heap: 38.3M(256.0M)->8120.0K(256.0M)]
 [Times: user=0.04 sys=0.01, real=0.01 secs] 
2021-11-12T11:43:15.829-0800: 1.947: [GC pause (Metadata GC Threshold) (young) (initial-mark)2021-11-12T11:43:15.845-0800: 1.963: [SoftReference, 0 refs, 0.0000457 secs]2021-11-12T11:43:15.845-0800: 1.963: [WeakReference, 288 refs, 0.0000491 secs]2021-11-12T11:43:15.845-0800: 1.963: [FinalReference, 2775 refs, 0.0029034 secs]2021-11-12T11:43:15.848-0800: 1.966: [PhantomReference, 0 refs, 1 refs, 0.0000147 secs]2021-11-12T11:43:15.848-0800: 1.966: [JNI Weak Reference, 0.0005680 secs], 0.0202049 secs]
   [Parallel Time: 15.7 ms, GC Workers: 8]
      [GC Worker Start (ms): Min: 1947.1, Avg: 1947.2, Max: 1947.3, Diff: 0.2]
      [Ext Root Scanning (ms): Min: 0.9, Avg: 1.3, Max: 1.7, Diff: 0.8, Sum: 10.4]
      [Update RS (ms): Min: 0.0, Avg: 0.3, Max: 0.5, Diff: 0.5, Sum: 2.1]
         [Processed Buffers: Min: 0, Avg: 0.9, Max: 2, Diff: 2, Sum: 7]
      [Scan RS (ms): Min: 0.0, Avg: 0.0, Max: 0.0, Diff: 0.0, Sum: 0.1]
      [Code Root Scanning (ms): Min: 0.9, Avg: 5.6, Max: 13.4, Diff: 12.5, Sum: 45.2]
      [Object Copy (ms): Min: 0.0, Avg: 2.5, Max: 5.6, Diff: 5.6, Sum: 20.3]
      [Termination (ms): Min: 0.0, Avg: 5.7, Max: 7.3, Diff: 7.3, Sum: 45.6]
         [Termination Attempts: Min: 1, Avg: 179.5, Max: 355, Diff: 354, Sum: 1436]
      [GC Worker Other (ms): Min: 0.0, Avg: 0.0, Max: 0.0, Diff: 0.0, Sum: 0.2]
      [GC Worker Total (ms): Min: 15.4, Avg: 15.5, Max: 15.6, Diff: 0.2, Sum: 123.9]
      [GC Worker End (ms): Min: 1962.7, Avg: 1962.7, Max: 1962.7, Diff: 0.0]
   [Code Root Fixup: 0.1 ms]
   [Code Root Purge: 0.0 ms]
   [Clear CT: 0.1 ms]
   [Other: 4.3 ms]
      [Choose CSet: 0.0 ms]
      [Ref Proc: 3.8 ms]
      [Ref Enq: 0.0 ms]
      [Redirty Cards: 0.2 ms]
      [Humongous Register: 0.0 ms]
      [Humongous Reclaim: 0.0 ms]
      [Free CSet: 0.2 ms]
   [Eden: 114.0M(148.0M)->0.0B(133.0M) Survivors: 5120.0K->20.0M Heap: 121.4M(256.0M)->23.1M(256.0M)]
 [Times: user=0.05 sys=0.02, real=0.02 secs] 
2021-11-12T11:43:15.850-0800: 1.968: [GC concurrent-root-region-scan-start]
2021-11-12T11:43:15.853-0800: 1.971: [GC concurrent-root-region-scan-end, 0.0033360 secs]
2021-11-12T11:43:15.853-0800: 1.971: [GC concurrent-mark-start]
2021-11-12T11:43:15.853-0800: 1.971: [GC concurrent-mark-end, 0.0002071 secs]
2021-11-12T11:43:15.855-0800: 1.973: [GC remark 2021-11-12T11:43:15.855-0800: 1.973: [Finalize Marking, 0.0001971 secs] 2021-11-12T11:43:15.856-0800: 1.973: [GC ref-proc2021-11-12T11:43:15.856-0800: 1.973: [SoftReference, 0 refs, 0.0000126 secs]2021-11-12T11:43:15.856-0800: 1.974: [WeakReference, 0 refs, 0.0000075 secs]2021-11-12T11:43:15.856-0800: 1.974: [FinalReference, 0 refs, 0.0000071 secs]2021-11-12T11:43:15.856-0800: 1.974: [PhantomReference, 0 refs, 0 refs, 0.0000113 secs]2021-11-12T11:43:15.856-0800: 1.974: [JNI Weak Reference, 0.0003684 secs], 0.0004259 secs] 2021-11-12T11:43:15.856-0800: 1.974: [Unloading, 0.0065587 secs], 0.0075108 secs]
 [Times: user=0.01 sys=0.01, real=0.01 secs] 
2021-11-12T11:43:15.863-0800: 1.981: [GC cleanup 23M->20M(256M), 0.0003464 secs]
 [Times: user=0.00 sys=0.00, real=0.00 secs] 
2021-11-12T11:43:15.864-0800: 1.982: [GC concurrent-cleanup-start]
2021-11-12T11:43:15.864-0800: 1.982: [GC concurrent-cleanup-end, 0.0003014 secs]
2021-11-12T11:43:17.074-0800: 3.192: [GC pause (G1 Evacuation Pause) (young)2021-11-12T11:43:17.093-0800: 3.211: [SoftReference, 0 refs, 0.0000446 secs]2021-11-12T11:43:17.093-0800: 3.211: [WeakReference, 1139 refs, 0.0001066 secs]2021-11-12T11:43:17.093-0800: 3.211: [FinalReference, 3127 refs, 0.0025546 secs]2021-11-12T11:43:17.095-0800: 3.213: [PhantomReference, 0 refs, 1 refs, 0.0000085 secs]2021-11-12T11:43:17.095-0800: 3.213: [JNI Weak Reference, 0.0005597 secs], 0.0223373 secs]
   [Parallel Time: 18.3 ms, GC Workers: 8]
      [GC Worker Start (ms): Min: 3192.2, Avg: 3192.3, Max: 3192.8, Diff: 0.6]
      [Ext Root Scanning (ms): Min: 0.0, Avg: 0.8, Max: 2.6, Diff: 2.6, Sum: 6.4]
      [Update RS (ms): Min: 0.0, Avg: 0.0, Max: 0.0, Diff: 0.0, Sum: 0.0]
         [Processed Buffers: Min: 0, Avg: 1.1, Max: 8, Diff: 8, Sum: 9]
      [Scan RS (ms): Min: 0.0, Avg: 0.0, Max: 0.1, Diff: 0.0, Sum: 0.2]
      [Code Root Scanning (ms): Min: 2.3, Avg: 9.6, Max: 16.0, Diff: 13.7, Sum: 76.7]
      [Object Copy (ms): Min: 0.0, Avg: 5.0, Max: 11.1, Diff: 11.1, Sum: 39.8]
      [Termination (ms): Min: 0.0, Avg: 2.6, Max: 4.4, Diff: 4.4, Sum: 20.9]
         [Termination Attempts: Min: 1, Avg: 192.5, Max: 443, Diff: 442, Sum: 1540]
      [GC Worker Other (ms): Min: 0.0, Avg: 0.0, Max: 0.0, Diff: 0.0, Sum: 0.1]
      [GC Worker Total (ms): Min: 17.6, Avg: 18.0, Max: 18.2, Diff: 0.6, Sum: 144.2]
      [GC Worker End (ms): Min: 3210.3, Avg: 3210.3, Max: 3210.3, Diff: 0.0]
   [Code Root Fixup: 0.1 ms]
   [Code Root Purge: 0.0 ms]
   [Clear CT: 0.1 ms]
   [Other: 3.9 ms]
      [Choose CSet: 0.0 ms]
      [Ref Proc: 3.4 ms]
      [Ref Enq: 0.0 ms]
      [Redirty Cards: 0.0 ms]
      [Humongous Register: 0.0 ms]
      [Humongous Reclaim: 0.0 ms]
      [Free CSet: 0.3 ms]
   [Eden: 133.0M(133.0M)->0.0B(133.0M) Survivors: 20.0M->20.0M Heap: 153.1M(256.0M)->20.1M(256.0M)]
 [Times: user=0.06 sys=0.03, real=0.02 secs] 
2021-11-12T11:43:17.592-0800: 3.710: [GC pause (Metadata GC Threshold) (young) (initial-mark)2021-11-12T11:43:17.606-0800: 3.724: [SoftReference, 0 refs, 0.0000444 secs]2021-11-12T11:43:17.606-0800: 3.724: [WeakReference, 302 refs, 0.0000337 secs]2021-11-12T11:43:17.606-0800: 3.724: [FinalReference, 740 refs, 0.0004464 secs]2021-11-12T11:43:17.607-0800: 3.725: [PhantomReference, 0 refs, 1 refs, 0.0000045 secs]2021-11-12T11:43:17.607-0800: 3.725: [JNI Weak Reference, 0.0008005 secs], 0.0159765 secs]
   [Parallel Time: 14.0 ms, GC Workers: 8]
      [GC Worker Start (ms): Min: 3710.1, Avg: 3710.2, Max: 3710.3, Diff: 0.1]
      [Ext Root Scanning (ms): Min: 0.6, Avg: 0.9, Max: 1.3, Diff: 0.7, Sum: 7.6]
      [Update RS (ms): Min: 0.0, Avg: 0.0, Max: 0.0, Diff: 0.0, Sum: 0.0]
         [Processed Buffers: Min: 0, Avg: 0.1, Max: 1, Diff: 1, Sum: 1]
      [Scan RS (ms): Min: 0.0, Avg: 0.0, Max: 0.0, Diff: 0.0, Sum: 0.1]
      [Code Root Scanning (ms): Min: 1.4, Avg: 7.4, Max: 12.4, Diff: 10.9, Sum: 58.9]
      [Object Copy (ms): Min: 0.0, Avg: 3.4, Max: 8.5, Diff: 8.5, Sum: 27.3]
      [Termination (ms): Min: 0.0, Avg: 2.1, Max: 3.0, Diff: 3.0, Sum: 16.5]
         [Termination Attempts: Min: 1, Avg: 4.9, Max: 16, Diff: 15, Sum: 39]
      [GC Worker Other (ms): Min: 0.0, Avg: 0.0, Max: 0.0, Diff: 0.0, Sum: 0.1]
      [GC Worker Total (ms): Min: 13.7, Avg: 13.8, Max: 13.9, Diff: 0.2, Sum: 110.5]
      [GC Worker End (ms): Min: 3724.0, Avg: 3724.0, Max: 3724.0, Diff: 0.0]
   [Code Root Fixup: 0.1 ms]
   [Code Root Purge: 0.0 ms]
   [Clear CT: 0.1 ms]
   [Other: 1.8 ms]
      [Choose CSet: 0.0 ms]
      [Ref Proc: 1.4 ms]
      [Ref Enq: 0.0 ms]
      [Redirty Cards: 0.0 ms]
      [Humongous Register: 0.0 ms]
      [Humongous Reclaim: 0.0 ms]
      [Free CSet: 0.2 ms]
   [Eden: 30.0M(133.0M)->0.0B(136.0M) Survivors: 20.0M->17.0M Heap: 49.6M(256.0M)->18.6M(256.0M)]
 [Times: user=0.05 sys=0.02, real=0.01 secs] 
2021-11-12T11:43:17.608-0800: 3.726: [GC concurrent-root-region-scan-start]
2021-11-12T11:43:17.613-0800: 3.731: [GC concurrent-root-region-scan-end, 0.0053315 secs]
2021-11-12T11:43:17.613-0800: 3.731: [GC concurrent-mark-start]
2021-11-12T11:43:17.615-0800: 3.733: [GC concurrent-mark-end, 0.0017708 secs]
2021-11-12T11:43:17.615-0800: 3.733: [GC remark 2021-11-12T11:43:17.615-0800: 3.733: [Finalize Marking, 0.0001396 secs] 2021-11-12T11:43:17.616-0800: 3.734: [GC ref-proc2021-11-12T11:43:17.616-0800: 3.734: [SoftReference, 0 refs, 0.0000142 secs]2021-11-12T11:43:17.616-0800: 3.734: [WeakReference, 75 refs, 0.0000179 secs]2021-11-12T11:43:17.616-0800: 3.734: [FinalReference, 150 refs, 0.0000189 secs]2021-11-12T11:43:17.616-0800: 3.734: [PhantomReference, 0 refs, 0 refs, 0.0000108 secs]2021-11-12T11:43:17.616-0800: 3.734: [JNI Weak Reference, 0.0006102 secs], 0.0007043 secs] 2021-11-12T11:43:17.616-0800: 3.734: [Unloading, 0.0057529 secs], 0.0067600 secs]
 [Times: user=0.01 sys=0.00, real=0.01 secs] 
2021-11-12T11:43:17.623-0800: 3.741: [GC cleanup 19M->19M(256M), 0.0005001 secs]
 [Times: user=0.00 sys=0.00, real=0.00 secs] 
2021-11-12T11:44:58.314-0800: 104.433: [GC pause (G1 Evacuation Pause) (young)2021-11-12T11:44:58.347-0800: 104.467: [SoftReference, 0 refs, 0.0000944 secs]2021-11-12T11:44:58.347-0800: 104.467: [WeakReference, 1247 refs, 0.0002262 secs]2021-11-12T11:44:58.347-0800: 104.467: [FinalReference, 2412 refs, 0.0029860 secs]2021-11-12T11:44:58.350-0800: 104.470: [PhantomReference, 0 refs, 3 refs, 0.0000255 secs]2021-11-12T11:44:58.350-0800: 104.470: [JNI Weak Reference, 0.0012972 secs], 0.0392434 secs]
   [Parallel Time: 32.9 ms, GC Workers: 8]
      [GC Worker Start (ms): Min: 104433.5, Avg: 104437.0, Max: 104441.7, Diff: 8.2]
      [Ext Root Scanning (ms): Min: 0.0, Avg: 2.1, Max: 8.2, Diff: 8.2, Sum: 17.0]
      [Update RS (ms): Min: 0.0, Avg: 1.8, Max: 4.4, Diff: 4.4, Sum: 14.6]
         [Processed Buffers: Min: 0, Avg: 2.0, Max: 11, Diff: 11, Sum: 16]
      [Scan RS (ms): Min: 0.0, Avg: 0.0, Max: 0.1, Diff: 0.1, Sum: 0.3]
      [Code Root Scanning (ms): Min: 0.8, Avg: 13.4, Max: 23.3, Diff: 22.4, Sum: 107.3]
      [Object Copy (ms): Min: 1.6, Avg: 11.7, Max: 24.3, Diff: 22.7, Sum: 93.8]
      [Termination (ms): Min: 0.0, Avg: 0.1, Max: 0.2, Diff: 0.2, Sum: 0.8]
         [Termination Attempts: Min: 18, Avg: 50.1, Max: 74, Diff: 56, Sum: 401]
      [GC Worker Other (ms): Min: 0.0, Avg: 0.0, Max: 0.1, Diff: 0.0, Sum: 0.2]
      [GC Worker Total (ms): Min: 24.5, Avg: 29.2, Max: 32.7, Diff: 8.2, Sum: 234.0]
      [GC Worker End (ms): Min: 104466.3, Avg: 104466.3, Max: 104466.3, Diff: 0.1]
   [Code Root Fixup: 0.1 ms]
   [Code Root Purge: 0.1 ms]
   [Clear CT: 0.2 ms]
   [Other: 5.9 ms]
      [Choose CSet: 0.0 ms]
      [Ref Proc: 5.0 ms]
      [Ref Enq: 0.1 ms]
      [Redirty Cards: 0.2 ms]
      [Humongous Register: 0.1 ms]
      [Humongous Reclaim: 0.0 ms]
      [Free CSet: 0.4 ms]
   [Eden: 136.0M(136.0M)->0.0B(133.0M) Survivors: 17.0M->20.0M Heap: 154.6M(256.0M)->28.3M(256.0M)]
 [Times: user=0.11 sys=0.03, real=0.04 secs] 
2021-11-12T11:55:07.005-0800: 713.134: [GC pause (G1 Evacuation Pause) (young)2021-11-12T11:55:07.028-0800: 713.158: [SoftReference, 0 refs, 0.0000585 secs]2021-11-12T11:55:07.028-0800: 713.158: [WeakReference, 534 refs, 0.0000721 secs]2021-11-12T11:55:07.028-0800: 713.158: [FinalReference, 9 refs, 0.0000178 secs]2021-11-12T11:55:07.032-0800: 713.162: [PhantomReference, 0 refs, 2 refs, 0.0000375 secs]2021-11-12T11:55:07.032-0800: 713.162: [JNI Weak Reference, 0.0005785 secs], 0.0282428 secs]
   [Parallel Time: 23.2 ms, GC Workers: 8]
      [GC Worker Start (ms): Min: 713134.6, Avg: 713136.1, Max: 713139.1, Diff: 4.5]
      [Ext Root Scanning (ms): Min: 0.0, Avg: 0.6, Max: 3.3, Diff: 3.3, Sum: 4.9]
      [Update RS (ms): Min: 0.0, Avg: 0.4, Max: 1.5, Diff: 1.5, Sum: 3.6]
         [Processed Buffers: Min: 0, Avg: 1.9, Max: 8, Diff: 8, Sum: 15]
      [Scan RS (ms): Min: 0.0, Avg: 0.8, Max: 1.7, Diff: 1.6, Sum: 6.3]
      [Code Root Scanning (ms): Min: 0.0, Avg: 8.8, Max: 20.2, Diff: 20.2, Sum: 70.2]
      [Object Copy (ms): Min: 0.0, Avg: 10.9, Max: 18.7, Diff: 18.7, Sum: 87.5]
      [Termination (ms): Min: 0.0, Avg: 0.1, Max: 0.2, Diff: 0.2, Sum: 1.0]
         [Termination Attempts: Min: 1, Avg: 45.2, Max: 74, Diff: 73, Sum: 362]
      [GC Worker Other (ms): Min: 0.0, Avg: 0.0, Max: 0.0, Diff: 0.0, Sum: 0.1]
      [GC Worker Total (ms): Min: 18.7, Avg: 21.7, Max: 23.2, Diff: 4.5, Sum: 173.6]
      [GC Worker End (ms): Min: 713157.8, Avg: 713157.8, Max: 713157.8, Diff: 0.0]
   [Code Root Fixup: 0.0 ms]
   [Code Root Purge: 0.0 ms]
   [Clear CT: 0.1 ms]
   [Other: 4.8 ms]
      [Choose CSet: 0.0 ms]
      [Ref Proc: 4.5 ms]
      [Ref Enq: 0.0 ms]
      [Redirty Cards: 0.1 ms]
      [Humongous Register: 0.0 ms]
      [Humongous Reclaim: 0.0 ms]
      [Free CSet: 0.1 ms]
   [Eden: 133.0M(133.0M)->0.0B(142.0M) Survivors: 20.0M->11.0M Heap: 161.3M(256.0M)->26.9M(256.0M)]
 [Times: user=0.08 sys=0.02, real=0.03 secs] 
2021-11-12T12:06:01.328-0800: 1367.431: [GC pause (G1 Evacuation Pause) (young)2021-11-12T12:06:01.345-0800: 1367.447: [SoftReference, 0 refs, 0.0008062 secs]2021-11-12T12:06:01.346-0800: 1367.448: [WeakReference, 453 refs, 0.0000693 secs]2021-11-12T12:06:01.346-0800: 1367.448: [FinalReference, 55 refs, 0.0000239 secs]2021-11-12T12:06:01.346-0800: 1367.448: [PhantomReference, 0 refs, 2 refs, 0.0000059 secs]2021-11-12T12:06:01.346-0800: 1367.448: [JNI Weak Reference, 0.0005184 secs], 0.0187405 secs]
   [Parallel Time: 16.5 ms, GC Workers: 8]
      [GC Worker Start (ms): Min: 1367430.8, Avg: 1367431.9, Max: 1367433.7, Diff: 2.9]
      [Ext Root Scanning (ms): Min: 0.0, Avg: 0.5, Max: 2.2, Diff: 2.2, Sum: 4.2]
      [Update RS (ms): Min: 0.0, Avg: 0.9, Max: 1.9, Diff: 1.9, Sum: 7.1]
         [Processed Buffers: Min: 0, Avg: 2.4, Max: 10, Diff: 10, Sum: 19]
      [Scan RS (ms): Min: 0.1, Avg: 1.5, Max: 3.4, Diff: 3.4, Sum: 11.7]
      [Code Root Scanning (ms): Min: 0.0, Avg: 4.9, Max: 12.7, Diff: 12.7, Sum: 38.8]
      [Object Copy (ms): Min: 0.0, Avg: 6.5, Max: 10.9, Diff: 10.9, Sum: 52.1]
      [Termination (ms): Min: 0.0, Avg: 1.0, Max: 1.4, Diff: 1.4, Sum: 8.3]
         [Termination Attempts: Min: 1, Avg: 7.4, Max: 16, Diff: 15, Sum: 59]
      [GC Worker Other (ms): Min: 0.0, Avg: 0.0, Max: 0.0, Diff: 0.0, Sum: 0.1]
      [GC Worker Total (ms): Min: 13.5, Avg: 15.3, Max: 16.4, Diff: 3.0, Sum: 122.4]
      [GC Worker End (ms): Min: 1367447.2, Avg: 1367447.2, Max: 1367447.2, Diff: 0.1]
   [Code Root Fixup: 0.0 ms]
   [Code Root Purge: 0.0 ms]
   [Clear CT: 0.2 ms]
   [Other: 2.0 ms]
      [Choose CSet: 0.0 ms]
      [Ref Proc: 1.6 ms]
      [Ref Enq: 0.0 ms]
      [Redirty Cards: 0.1 ms]
      [Humongous Register: 0.0 ms]
      [Humongous Reclaim: 0.0 ms]
      [Free CSet: 0.1 ms]
   [Eden: 142.0M(142.0M)->0.0B(143.0M) Survivors: 11.0M->10.0M Heap: 168.9M(256.0M)->26.4M(256.0M)]
 [Times: user=0.06 sys=0.00, real=0.02 secs] 
2021-11-12T12:16:26.734-0800: 1992.806: [GC pause (G1 Evacuation Pause) (young)2021-11-12T12:16:26.752-0800: 1992.824: [SoftReference, 0 refs, 0.0007527 secs]2021-11-12T12:16:26.753-0800: 1992.824: [WeakReference, 377 refs, 0.0000582 secs]2021-11-12T12:16:26.753-0800: 1992.824: [FinalReference, 5 refs, 0.0000217 secs]2021-11-12T12:16:26.753-0800: 1992.824: [PhantomReference, 19 refs, 1 refs, 0.0003160 secs]2021-11-12T12:16:26.753-0800: 1992.825: [JNI Weak Reference, 0.0005689 secs], 0.0194959 secs]
   [Parallel Time: 17.1 ms, GC Workers: 8]
      [GC Worker Start (ms): Min: 1992806.3, Avg: 1992807.8, Max: 1992809.3, Diff: 3.0]
      [Ext Root Scanning (ms): Min: 0.0, Avg: 0.5, Max: 2.2, Diff: 2.2, Sum: 3.8]
      [Update RS (ms): Min: 0.0, Avg: 0.8, Max: 2.0, Diff: 2.0, Sum: 6.3]
         [Processed Buffers: Min: 0, Avg: 2.4, Max: 9, Diff: 9, Sum: 19]
      [Scan RS (ms): Min: 0.0, Avg: 0.2, Max: 0.4, Diff: 0.4, Sum: 1.3]
      [Code Root Scanning (ms): Min: 0.4, Avg: 6.6, Max: 13.9, Diff: 13.5, Sum: 52.9]
      [Object Copy (ms): Min: 0.0, Avg: 5.7, Max: 11.0, Diff: 11.0, Sum: 45.5]
      [Termination (ms): Min: 0.0, Avg: 1.9, Max: 2.6, Diff: 2.6, Sum: 15.0]
         [Termination Attempts: Min: 1, Avg: 1.1, Max: 2, Diff: 1, Sum: 9]
      [GC Worker Other (ms): Min: 0.0, Avg: 0.0, Max: 0.0, Diff: 0.0, Sum: 0.2]
      [GC Worker Total (ms): Min: 14.1, Avg: 15.6, Max: 17.1, Diff: 3.0, Sum: 125.0]
      [GC Worker End (ms): Min: 1992823.4, Avg: 1992823.4, Max: 1992823.4, Diff: 0.0]
   [Code Root Fixup: 0.0 ms]
   [Code Root Purge: 0.0 ms]
   [Clear CT: 0.1 ms]
   [Other: 2.2 ms]
      [Choose CSet: 0.0 ms]
      [Ref Proc: 1.9 ms]
      [Ref Enq: 0.0 ms]
      [Redirty Cards: 0.0 ms]
      [Humongous Register: 0.0 ms]
      [Humongous Reclaim: 0.0 ms]
      [Free CSet: 0.1 ms]
   [Eden: 143.0M(143.0M)->0.0B(141.0M) Survivors: 10.0M->12.0M Heap: 169.4M(256.0M)->27.9M(256.0M)]
 [Times: user=0.07 sys=0.01, real=0.02 secs] 
2021-11-12T12:27:16.272-0800: 2642.381: [GC pause (G1 Evacuation Pause) (young)2021-11-12T12:27:16.287-0800: 2642.396: [SoftReference, 0 refs, 0.0007612 secs]2021-11-12T12:27:16.288-0800: 2642.397: [WeakReference, 323 refs, 0.0000363 secs]2021-11-12T12:27:16.288-0800: 2642.397: [FinalReference, 89 refs, 0.0001356 secs]2021-11-12T12:27:16.288-0800: 2642.397: [PhantomReference, 0 refs, 2 refs, 0.0000052 secs]2021-11-12T12:27:16.288-0800: 2642.397: [JNI Weak Reference, 0.0004957 secs], 0.0169538 secs]
   [Parallel Time: 14.9 ms, GC Workers: 8]
      [GC Worker Start (ms): Min: 2642381.0, Avg: 2642382.5, Max: 2642384.1, Diff: 3.1]
      [Ext Root Scanning (ms): Min: 0.0, Avg: 0.5, Max: 2.1, Diff: 2.1, Sum: 3.6]
      [Update RS (ms): Min: 0.0, Avg: 0.8, Max: 2.1, Diff: 2.1, Sum: 6.5]
         [Processed Buffers: Min: 0, Avg: 2.2, Max: 5, Diff: 5, Sum: 18]
      [Scan RS (ms): Min: 0.0, Avg: 0.0, Max: 0.1, Diff: 0.1, Sum: 0.2]
      [Code Root Scanning (ms): Min: 0.0, Avg: 5.0, Max: 11.9, Diff: 11.9, Sum: 39.9]
      [Object Copy (ms): Min: 0.0, Avg: 6.5, Max: 11.5, Diff: 11.5, Sum: 51.6]
      [Termination (ms): Min: 0.0, Avg: 0.5, Max: 0.7, Diff: 0.7, Sum: 4.2]
         [Termination Attempts: Min: 1, Avg: 1.5, Max: 3, Diff: 2, Sum: 12]
      [GC Worker Other (ms): Min: 0.0, Avg: 0.0, Max: 0.0, Diff: 0.0, Sum: 0.1]
      [GC Worker Total (ms): Min: 11.7, Avg: 13.3, Max: 14.8, Diff: 3.1, Sum: 106.2]
      [GC Worker End (ms): Min: 2642395.8, Avg: 2642395.8, Max: 2642395.8, Diff: 0.0]
   [Code Root Fixup: 0.0 ms]
   [Code Root Purge: 0.0 ms]
   [Clear CT: 0.1 ms]
   [Other: 2.0 ms]
      [Choose CSet: 0.0 ms]
      [Ref Proc: 1.7 ms]
      [Ref Enq: 0.0 ms]
      [Redirty Cards: 0.1 ms]
      [Humongous Register: 0.0 ms]
      [Humongous Reclaim: 0.0 ms]
      [Free CSet: 0.1 ms]
   [Eden: 141.0M(141.0M)->0.0B(142.0M) Survivors: 12.0M->11.0M Heap: 168.9M(256.0M)->27.4M(256.0M)]
 [Times: user=0.05 sys=0.00, real=0.01 secs] 
2021-11-12T12:38:10.948-0800: 3297.064: [GC pause (G1 Evacuation Pause) (young)2021-11-12T12:38:10.964-0800: 3297.080: [SoftReference, 0 refs, 0.0001363 secs]2021-11-12T12:38:10.964-0800: 3297.080: [WeakReference, 308 refs, 0.0000867 secs]2021-11-12T12:38:10.964-0800: 3297.080: [FinalReference, 4 refs, 0.0000361 secs]2021-11-12T12:38:10.964-0800: 3297.080: [PhantomReference, 10 refs, 1 refs, 0.0000220 secs]2021-11-12T12:38:10.964-0800: 3297.080: [JNI Weak Reference, 0.0025191 secs], 0.0195546 secs]
   [Parallel Time: 15.4 ms, GC Workers: 8]
      [GC Worker Start (ms): Min: 3297064.1, Avg: 3297067.2, Max: 3297070.3, Diff: 6.3]
      [Ext Root Scanning (ms): Min: 0.0, Avg: 1.0, Max: 4.8, Diff: 4.8, Sum: 8.3]
      [Update RS (ms): Min: 0.0, Avg: 2.2, Max: 5.4, Diff: 5.4, Sum: 17.4]
         [Processed Buffers: Min: 0, Avg: 2.4, Max: 8, Diff: 8, Sum: 19]
      [Scan RS (ms): Min: 0.0, Avg: 0.1, Max: 0.1, Diff: 0.1, Sum: 0.4]
      [Code Root Scanning (ms): Min: 0.0, Avg: 1.4, Max: 5.3, Diff: 5.3, Sum: 11.6]
      [Object Copy (ms): Min: 2.4, Avg: 5.9, Max: 8.4, Diff: 6.0, Sum: 47.5]
      [Termination (ms): Min: 0.0, Avg: 0.0, Max: 0.0, Diff: 0.0, Sum: 0.1]
         [Termination Attempts: Min: 1, Avg: 19.2, Max: 32, Diff: 31, Sum: 154]
      [GC Worker Other (ms): Min: 0.0, Avg: 0.8, Max: 1.5, Diff: 1.5, Sum: 6.3]
      [GC Worker Total (ms): Min: 7.6, Avg: 11.4, Max: 15.3, Diff: 7.7, Sum: 91.5]
      [GC Worker End (ms): Min: 3297077.9, Avg: 3297078.6, Max: 3297079.4, Diff: 1.5]
   [Code Root Fixup: 0.0 ms]
   [Code Root Purge: 0.0 ms]
   [Clear CT: 0.2 ms]
   [Other: 3.8 ms]
      [Choose CSet: 0.0 ms]
      [Ref Proc: 3.1 ms]
      [Ref Enq: 0.0 ms]
      [Redirty Cards: 0.2 ms]
      [Humongous Register: 0.1 ms]
      [Humongous Reclaim: 0.0 ms]
      [Free CSet: 0.2 ms]
   [Eden: 142.0M(142.0M)->0.0B(143.0M) Survivors: 11.0M->10.0M Heap: 169.4M(256.0M)->26.4M(256.0M)]
 [Times: user=0.08 sys=0.00, real=0.02 secs] 
2021-11-12T12:48:33.695-0800: 3919.805: [GC pause (G1 Evacuation Pause) (young)2021-11-12T12:48:33.721-0800: 3919.831: [SoftReference, 0 refs, 0.0001245 secs]2021-11-12T12:48:33.721-0800: 3919.831: [WeakReference, 347 refs, 0.0001650 secs]2021-11-12T12:48:33.721-0800: 3919.831: [FinalReference, 54 refs, 0.0000581 secs]2021-11-12T12:48:33.721-0800: 3919.831: [PhantomReference, 10 refs, 1 refs, 0.0011113 secs]2021-11-12T12:48:33.723-0800: 3919.832: [JNI Weak Reference, 0.0011550 secs], 0.0289257 secs]
   [Parallel Time: 25.1 ms, GC Workers: 8]
      [GC Worker Start (ms): Min: 3919805.6, Avg: 3919808.9, Max: 3919812.2, Diff: 6.6]
      [Ext Root Scanning (ms): Min: 0.0, Avg: 1.1, Max: 4.8, Diff: 4.8, Sum: 8.5]
      [Update RS (ms): Min: 0.0, Avg: 1.7, Max: 4.3, Diff: 4.3, Sum: 13.9]
         [Processed Buffers: Min: 0, Avg: 2.6, Max: 11, Diff: 11, Sum: 21]
      [Scan RS (ms): Min: 0.0, Avg: 0.1, Max: 0.2, Diff: 0.2, Sum: 0.4]
      [Code Root Scanning (ms): Min: 0.0, Avg: 8.0, Max: 18.4, Diff: 18.4, Sum: 64.1]
      [Object Copy (ms): Min: 0.0, Avg: 5.9, Max: 11.8, Diff: 11.8, Sum: 47.4]
      [Termination (ms): Min: 0.0, Avg: 4.8, Max: 6.5, Diff: 6.5, Sum: 38.2]
         [Termination Attempts: Min: 1, Avg: 1.0, Max: 1, Diff: 0, Sum: 8]
      [GC Worker Other (ms): Min: 0.0, Avg: 0.0, Max: 0.1, Diff: 0.1, Sum: 0.3]
      [GC Worker Total (ms): Min: 18.3, Avg: 21.6, Max: 24.9, Diff: 6.6, Sum: 172.8]
      [GC Worker End (ms): Min: 3919830.5, Avg: 3919830.5, Max: 3919830.5, Diff: 0.1]
   [Code Root Fixup: 0.0 ms]
   [Code Root Purge: 0.0 ms]
   [Clear CT: 0.2 ms]
   [Other: 3.6 ms]
      [Choose CSet: 0.0 ms]
      [Ref Proc: 3.0 ms]
      [Ref Enq: 0.0 ms]
      [Redirty Cards: 0.1 ms]
      [Humongous Register: 0.1 ms]
      [Humongous Reclaim: 0.0 ms]
      [Free CSet: 0.2 ms]
   [Eden: 143.0M(143.0M)->0.0B(141.0M) Survivors: 10.0M->12.0M Heap: 169.4M(256.0M)->27.9M(256.0M)]
 [Times: user=0.10 sys=0.02, real=0.03 secs] 
2021-11-12T12:59:29.525-0800: 4575.605: [GC pause (G1 Evacuation Pause) (young)2021-11-12T12:59:29.542-0800: 4575.621: [SoftReference, 0 refs, 0.0001285 secs]2021-11-12T12:59:29.542-0800: 4575.621: [WeakReference, 334 refs, 0.0001063 secs]2021-11-12T12:59:29.542-0800: 4575.622: [FinalReference, 46 refs, 0.0005127 secs]2021-11-12T12:59:29.542-0800: 4575.622: [PhantomReference, 0 refs, 1 refs, 0.0000209 secs]2021-11-12T12:59:29.542-0800: 4575.622: [JNI Weak Reference, 0.0012327 secs], 0.0193026 secs]
   [Parallel Time: 16.0 ms, GC Workers: 8]
      [GC Worker Start (ms): Min: 4575604.9, Avg: 4575608.5, Max: 4575612.0, Diff: 7.1]
      [Ext Root Scanning (ms): Min: 0.0, Avg: 0.9, Max: 4.0, Diff: 4.0, Sum: 6.9]
      [Update RS (ms): Min: 0.0, Avg: 2.2, Max: 4.9, Diff: 4.9, Sum: 17.3]
         [Processed Buffers: Min: 0, Avg: 2.2, Max: 8, Diff: 8, Sum: 18]
      [Scan RS (ms): Min: 0.0, Avg: 0.0, Max: 0.1, Diff: 0.1, Sum: 0.3]
      [Code Root Scanning (ms): Min: 0.0, Avg: 2.8, Max: 6.7, Diff: 6.7, Sum: 22.2]
      [Object Copy (ms): Min: 2.3, Avg: 6.3, Max: 9.0, Diff: 6.7, Sum: 50.1]
      [Termination (ms): Min: 0.0, Avg: 0.1, Max: 0.1, Diff: 0.1, Sum: 0.6]
         [Termination Attempts: Min: 1, Avg: 16.6, Max: 36, Diff: 35, Sum: 133]
      [GC Worker Other (ms): Min: 0.0, Avg: 0.1, Max: 0.4, Diff: 0.4, Sum: 0.5]
      [GC Worker Total (ms): Min: 8.8, Avg: 12.2, Max: 15.8, Diff: 7.1, Sum: 98.0]
      [GC Worker End (ms): Min: 4575620.7, Avg: 4575620.8, Max: 4575620.8, Diff: 0.0]
   [Code Root Fixup: 0.1 ms]
   [Code Root Purge: 0.0 ms]
   [Clear CT: 0.2 ms]
   [Other: 3.0 ms]
      [Choose CSet: 0.0 ms]
      [Ref Proc: 2.3 ms]
      [Ref Enq: 0.0 ms]
      [Redirty Cards: 0.2 ms]
      [Humongous Register: 0.0 ms]
      [Humongous Reclaim: 0.0 ms]
      [Free CSet: 0.2 ms]
   [Eden: 141.0M(141.0M)->0.0B(142.0M) Survivors: 12.0M->11.0M Heap: 168.9M(256.0M)->27.4M(256.0M)]
 [Times: user=0.07 sys=0.00, real=0.02 secs] 
2021-11-12T13:10:30.387-0800: 5236.467: [GC pause (G1 Evacuation Pause) (young)2021-11-12T13:10:30.402-0800: 5236.483: [SoftReference, 932 refs, 0.0004917 secs]2021-11-12T13:10:30.403-0800: 5236.483: [WeakReference, 346 refs, 0.0001133 secs]2021-11-12T13:10:30.403-0800: 5236.483: [FinalReference, 4 refs, 0.0001790 secs]2021-11-12T13:10:30.403-0800: 5236.484: [PhantomReference, 10 refs, 1 refs, 0.0000298 secs]2021-11-12T13:10:30.403-0800: 5236.484: [JNI Weak Reference, 0.0026788 secs], 0.0205494 secs]
   [Parallel Time: 15.5 ms, GC Workers: 8]
      [GC Worker Start (ms): Min: 5236467.1, Avg: 5236470.4, Max: 5236473.6, Diff: 6.4]
      [Ext Root Scanning (ms): Min: 0.0, Avg: 1.1, Max: 4.9, Diff: 4.9, Sum: 8.5]
      [Update RS (ms): Min: 0.0, Avg: 1.7, Max: 4.0, Diff: 4.0, Sum: 14.0]
         [Processed Buffers: Min: 0, Avg: 2.5, Max: 7, Diff: 7, Sum: 20]
      [Scan RS (ms): Min: 0.0, Avg: 0.1, Max: 0.1, Diff: 0.1, Sum: 0.4]
      [Code Root Scanning (ms): Min: 0.0, Avg: 1.5, Max: 6.1, Diff: 6.1, Sum: 12.3]
      [Object Copy (ms): Min: 3.6, Avg: 7.3, Max: 9.1, Diff: 5.5, Sum: 58.6]
      [Termination (ms): Min: 0.0, Avg: 0.1, Max: 0.2, Diff: 0.1, Sum: 0.7]
         [Termination Attempts: Min: 1, Avg: 26.0, Max: 44, Diff: 43, Sum: 208]
      [GC Worker Other (ms): Min: 0.0, Avg: 0.1, Max: 0.4, Diff: 0.4, Sum: 0.7]
      [GC Worker Total (ms): Min: 8.7, Avg: 11.9, Max: 15.4, Diff: 6.6, Sum: 95.3]
      [GC Worker End (ms): Min: 5236482.2, Avg: 5236482.3, Max: 5236482.6, Diff: 0.4]
   [Code Root Fixup: 0.0 ms]
   [Code Root Purge: 0.0 ms]
   [Clear CT: 0.2 ms]
   [Other: 4.7 ms]
      [Choose CSet: 0.0 ms]
      [Ref Proc: 3.7 ms]
      [Ref Enq: 0.2 ms]
      [Redirty Cards: 0.2 ms]
      [Humongous Register: 0.1 ms]
      [Humongous Reclaim: 0.0 ms]
      [Free CSet: 0.2 ms]
   [Eden: 142.0M(142.0M)->0.0B(144.0M) Survivors: 11.0M->9216.0K Heap: 169.4M(256.0M)->25.4M(256.0M)]
 [Times: user=0.08 sys=0.00, real=0.02 secs] 
2021-11-12T13:21:06.329-0800: 5872.395: [GC pause (G1 Evacuation Pause) (young)2021-11-12T13:21:06.352-0800: 5872.418: [SoftReference, 56 refs, 0.0001283 secs]2021-11-12T13:21:06.353-0800: 5872.418: [WeakReference, 367 refs, 0.0000958 secs]2021-11-12T13:21:06.353-0800: 5872.418: [FinalReference, 52 refs, 0.0000273 secs]2021-11-12T13:21:06.353-0800: 5872.418: [PhantomReference, 10 refs, 1 refs, 0.0010301 secs]2021-11-12T13:21:06.354-0800: 5872.419: [JNI Weak Reference, 0.0012247 secs], 0.0263869 secs]
   [Parallel Time: 22.4 ms, GC Workers: 8]
      [GC Worker Start (ms): Min: 5872395.1, Avg: 5872398.2, Max: 5872401.4, Diff: 6.3]
      [Ext Root Scanning (ms): Min: 0.0, Avg: 1.1, Max: 5.2, Diff: 5.2, Sum: 8.6]
      [Update RS (ms): Min: 0.0, Avg: 1.6, Max: 4.3, Diff: 4.3, Sum: 12.8]
         [Processed Buffers: Min: 0, Avg: 2.6, Max: 12, Diff: 12, Sum: 21]
      [Scan RS (ms): Min: 0.0, Avg: 0.0, Max: 0.1, Diff: 0.1, Sum: 0.4]
      [Code Root Scanning (ms): Min: 0.0, Avg: 6.6, Max: 16.2, Diff: 16.2, Sum: 53.1]
      [Object Copy (ms): Min: 0.0, Avg: 4.5, Max: 9.5, Diff: 9.5, Sum: 36.2]
      [Termination (ms): Min: 0.0, Avg: 5.3, Max: 7.1, Diff: 7.1, Sum: 42.4]
         [Termination Attempts: Min: 1, Avg: 5.4, Max: 11, Diff: 10, Sum: 43]
      [GC Worker Other (ms): Min: 0.0, Avg: 0.0, Max: 0.1, Diff: 0.1, Sum: 0.3]
      [GC Worker Total (ms): Min: 16.0, Avg: 19.2, Max: 22.3, Diff: 6.2, Sum: 153.8]
      [GC Worker End (ms): Min: 5872417.4, Avg: 5872417.4, Max: 5872417.4, Diff: 0.0]
   [Code Root Fixup: 0.1 ms]
   [Code Root Purge: 0.0 ms]
   [Clear CT: 0.2 ms]
   [Other: 3.7 ms]
      [Choose CSet: 0.0 ms]
      [Ref Proc: 3.0 ms]
      [Ref Enq: 0.0 ms]
      [Redirty Cards: 0.1 ms]
      [Humongous Register: 0.1 ms]
      [Humongous Reclaim: 0.0 ms]
      [Free CSet: 0.2 ms]
   [Eden: 144.0M(144.0M)->0.0B(142.0M) Survivors: 9216.0K->11.0M Heap: 169.4M(256.0M)->27.4M(256.0M)]
 [Times: user=0.09 sys=0.01, real=0.03 secs] 
2021-11-12T13:32:12.010-0800: 6538.092: [GC pause (G1 Evacuation Pause) (young)2021-11-12T13:32:12.023-0800: 6538.105: [SoftReference, 94 refs, 0.0001881 secs]2021-11-12T13:32:12.023-0800: 6538.105: [WeakReference, 415 refs, 0.0001190 secs]2021-11-12T13:32:12.023-0800: 6538.105: [FinalReference, 45 refs, 0.0004470 secs]2021-11-12T13:32:12.024-0800: 6538.106: [PhantomReference, 5 refs, 2 refs, 0.0000192 secs]2021-11-12T13:32:12.024-0800: 6538.106: [JNI Weak Reference, 0.0017982 secs], 0.0165803 secs]
   [Parallel Time: 12.5 ms, GC Workers: 8]
      [GC Worker Start (ms): Min: 6538092.4, Avg: 6538095.8, Max: 6538099.1, Diff: 6.7]
      [Ext Root Scanning (ms): Min: 0.0, Avg: 1.1, Max: 4.9, Diff: 4.9, Sum: 8.5]
      [Update RS (ms): Min: 0.0, Avg: 1.7, Max: 4.6, Diff: 4.6, Sum: 13.9]
         [Processed Buffers: Min: 0, Avg: 1.9, Max: 5, Diff: 5, Sum: 15]
      [Scan RS (ms): Min: 0.0, Avg: 0.1, Max: 0.1, Diff: 0.1, Sum: 0.5]
      [Code Root Scanning (ms): Min: 0.0, Avg: 0.9, Max: 3.8, Diff: 3.8, Sum: 6.9]
      [Object Copy (ms): Min: 1.9, Avg: 5.2, Max: 6.5, Diff: 4.6, Sum: 41.8]
      [Termination (ms): Min: 0.0, Avg: 0.0, Max: 0.0, Diff: 0.0, Sum: 0.2]
         [Termination Attempts: Min: 1, Avg: 43.2, Max: 70, Diff: 69, Sum: 346]
      [GC Worker Other (ms): Min: 0.0, Avg: 0.1, Max: 0.1, Diff: 0.1, Sum: 0.5]
      [GC Worker Total (ms): Min: 5.7, Avg: 9.0, Max: 12.4, Diff: 6.7, Sum: 72.3]
      [GC Worker End (ms): Min: 6538104.8, Avg: 6538104.8, Max: 6538104.8, Diff: 0.1]
   [Code Root Fixup: 0.1 ms]
   [Code Root Purge: 0.0 ms]
   [Clear CT: 0.2 ms]
   [Other: 3.8 ms]
      [Choose CSet: 0.0 ms]
      [Ref Proc: 2.8 ms]
      [Ref Enq: 0.0 ms]
      [Redirty Cards: 0.1 ms]
      [Humongous Register: 0.1 ms]
      [Humongous Reclaim: 0.0 ms]
      [Free CSet: 0.4 ms]
   [Eden: 142.0M(142.0M)->0.0B(143.0M) Survivors: 11.0M->10.0M Heap: 169.4M(256.0M)->25.9M(256.0M)]
 [Times: user=0.07 sys=0.01, real=0.01 secs] 
2021-11-12T13:42:33.400-0800: 7159.501: [GC pause (G1 Evacuation Pause) (young)2021-11-12T13:42:33.414-0800: 7159.515: [SoftReference, 81 refs, 0.0002837 secs]2021-11-12T13:42:33.415-0800: 7159.515: [WeakReference, 398 refs, 0.0001517 secs]2021-11-12T13:42:33.415-0800: 7159.515: [FinalReference, 92 refs, 0.0000558 secs]2021-11-12T13:42:33.415-0800: 7159.515: [PhantomReference, 10 refs, 2 refs, 0.0013865 secs]2021-11-12T13:42:33.416-0800: 7159.517: [JNI Weak Reference, 0.0027338 secs], 0.0199003 secs]
   [Parallel Time: 13.8 ms, GC Workers: 8]
      [GC Worker Start (ms): Min: 7159500.8, Avg: 7159504.0, Max: 7159507.2, Diff: 6.4]
      [Ext Root Scanning (ms): Min: 0.0, Avg: 1.1, Max: 4.9, Diff: 4.9, Sum: 8.5]
      [Update RS (ms): Min: 0.0, Avg: 1.8, Max: 4.5, Diff: 4.5, Sum: 14.1]
         [Processed Buffers: Min: 0, Avg: 2.8, Max: 11, Diff: 11, Sum: 22]
      [Scan RS (ms): Min: 0.0, Avg: 0.1, Max: 0.2, Diff: 0.2, Sum: 0.4]
      [Code Root Scanning (ms): Min: 0.0, Avg: 2.3, Max: 7.3, Diff: 7.3, Sum: 18.1]
      [Object Copy (ms): Min: 0.0, Avg: 4.9, Max: 7.5, Diff: 7.5, Sum: 39.1]
      [Termination (ms): Min: 0.0, Avg: 0.5, Max: 0.7, Diff: 0.7, Sum: 4.0]
         [Termination Attempts: Min: 1, Avg: 20.2, Max: 51, Diff: 50, Sum: 162]
      [GC Worker Other (ms): Min: 0.0, Avg: 0.0, Max: 0.1, Diff: 0.0, Sum: 0.2]
      [GC Worker Total (ms): Min: 7.3, Avg: 10.6, Max: 13.8, Diff: 6.4, Sum: 84.5]
      [GC Worker End (ms): Min: 7159514.6, Avg: 7159514.6, Max: 7159514.6, Diff: 0.0]
   [Code Root Fixup: 0.0 ms]
   [Code Root Purge: 0.0 ms]
   [Clear CT: 0.2 ms]
   [Other: 5.8 ms]
      [Choose CSet: 0.0 ms]
      [Ref Proc: 4.8 ms]
      [Ref Enq: 0.0 ms]
      [Redirty Cards: 0.1 ms]
      [Humongous Register: 0.1 ms]
      [Humongous Reclaim: 0.0 ms]
      [Free CSet: 0.4 ms]
   [Eden: 143.0M(143.0M)->0.0B(142.0M) Survivors: 10.0M->11.0M Heap: 168.9M(256.0M)->27.4M(256.0M)]
 [Times: user=0.07 sys=0.01, real=0.02 secs] 
2021-11-12T13:53:38.392-0800: 7824.496: [GC pause (G1 Evacuation Pause) (young)2021-11-12T13:53:38.408-0800: 7824.512: [SoftReference, 87 refs, 0.0009162 secs]2021-11-12T13:53:38.409-0800: 7824.513: [WeakReference, 367 refs, 0.0001079 secs]2021-11-12T13:53:38.409-0800: 7824.513: [FinalReference, 84 refs, 0.0004202 secs]2021-11-12T13:53:38.410-0800: 7824.513: [PhantomReference, 0 refs, 1 refs, 0.0000178 secs]2021-11-12T13:53:38.410-0800: 7824.513: [JNI Weak Reference, 0.0010846 secs], 0.0189113 secs]
   [Parallel Time: 15.3 ms, GC Workers: 8]
      [GC Worker Start (ms): Min: 7824496.3, Avg: 7824500.4, Max: 7824509.9, Diff: 13.6]
      [Ext Root Scanning (ms): Min: 0.0, Avg: 1.2, Max: 4.9, Diff: 4.9, Sum: 9.4]
      [Update RS (ms): Min: 0.0, Avg: 1.5, Max: 3.7, Diff: 3.7, Sum: 11.7]
         [Processed Buffers: Min: 0, Avg: 2.1, Max: 7, Diff: 7, Sum: 17]
      [Scan RS (ms): Min: 0.0, Avg: 0.0, Max: 0.1, Diff: 0.1, Sum: 0.2]
      [Code Root Scanning (ms): Min: 0.0, Avg: 3.4, Max: 9.5, Diff: 9.5, Sum: 27.1]
      [Object Copy (ms): Min: 0.0, Avg: 3.8, Max: 7.5, Diff: 7.5, Sum: 30.6]
      [Termination (ms): Min: 0.0, Avg: 1.2, Max: 1.7, Diff: 1.7, Sum: 9.7]
         [Termination Attempts: Min: 1, Avg: 1.0, Max: 1, Diff: 0, Sum: 8]
      [GC Worker Other (ms): Min: 0.0, Avg: 0.0, Max: 0.1, Diff: 0.1, Sum: 0.2]
      [GC Worker Total (ms): Min: 1.6, Avg: 11.1, Max: 15.2, Diff: 13.6, Sum: 88.9]
      [GC Worker End (ms): Min: 7824511.5, Avg: 7824511.5, Max: 7824511.5, Diff: 0.0]
   [Code Root Fixup: 0.0 ms]
   [Code Root Purge: 0.0 ms]
   [Clear CT: 0.2 ms]
   [Other: 3.4 ms]
      [Choose CSet: 0.0 ms]
      [Ref Proc: 2.8 ms]
      [Ref Enq: 0.0 ms]
      [Redirty Cards: 0.1 ms]
      [Humongous Register: 0.0 ms]
      [Humongous Reclaim: 0.0 ms]
      [Free CSet: 0.2 ms]
   [Eden: 142.0M(142.0M)->0.0B(143.0M) Survivors: 11.0M->10.0M Heap: 169.4M(256.0M)->26.4M(256.0M)]
 [Times: user=0.05 sys=0.00, real=0.02 secs] 
2021-11-12T14:04:45.018-0800: 8491.116: [GC pause (G1 Evacuation Pause) (young)2021-11-12T14:04:45.031-0800: 8491.129: [SoftReference, 83 refs, 0.0001957 secs]2021-11-12T14:04:45.031-0800: 8491.129: [WeakReference, 309 refs, 0.0000744 secs]2021-11-12T14:04:45.032-0800: 8491.129: [FinalReference, 51 refs, 0.0000314 secs]2021-11-12T14:04:45.032-0800: 8491.129: [PhantomReference, 10 refs, 2 refs, 0.0000252 secs]2021-11-12T14:04:45.032-0800: 8491.129: [JNI Weak Reference, 0.0029163 secs], 0.0169892 secs]
   [Parallel Time: 12.4 ms, GC Workers: 8]
      [GC Worker Start (ms): Min: 8491116.4, Avg: 8491119.7, Max: 8491123.1, Diff: 6.7]
      [Ext Root Scanning (ms): Min: 0.0, Avg: 1.1, Max: 4.9, Diff: 4.9, Sum: 8.4]
      [Update RS (ms): Min: 0.0, Avg: 1.8, Max: 4.8, Diff: 4.8, Sum: 14.4]
         [Processed Buffers: Min: 0, Avg: 2.1, Max: 7, Diff: 7, Sum: 17]
      [Scan RS (ms): Min: 0.0, Avg: 0.1, Max: 0.1, Diff: 0.1, Sum: 0.4]
      [Code Root Scanning (ms): Min: 0.0, Avg: 0.8, Max: 2.6, Diff: 2.6, Sum: 6.1]
      [Object Copy (ms): Min: 3.3, Avg: 5.2, Max: 6.0, Diff: 2.7, Sum: 41.7]
      [Termination (ms): Min: 0.0, Avg: 0.0, Max: 0.0, Diff: 0.0, Sum: 0.0]
         [Termination Attempts: Min: 1, Avg: 2.8, Max: 4, Diff: 3, Sum: 22]
      [GC Worker Other (ms): Min: 0.0, Avg: 0.1, Max: 0.1, Diff: 0.1, Sum: 0.5]
      [GC Worker Total (ms): Min: 5.5, Avg: 8.9, Max: 12.3, Diff: 6.8, Sum: 71.5]
      [GC Worker End (ms): Min: 8491128.6, Avg: 8491128.7, Max: 8491128.7, Diff: 0.1]
   [Code Root Fixup: 0.1 ms]
   [Code Root Purge: 0.0 ms]
   [Clear CT: 0.2 ms]
   [Other: 4.3 ms]
      [Choose CSet: 0.0 ms]
      [Ref Proc: 3.5 ms]
      [Ref Enq: 0.0 ms]
      [Redirty Cards: 0.1 ms]
      [Humongous Register: 0.1 ms]
      [Humongous Reclaim: 0.0 ms]
      [Free CSet: 0.3 ms]
   [Eden: 143.0M(143.0M)->0.0B(144.0M) Survivors: 10.0M->9216.0K Heap: 169.4M(256.0M)->25.4M(256.0M)]
 [Times: user=0.07 sys=0.01, real=0.02 secs] 
2021-11-12T14:15:16.038-0800: 9122.135: [GC pause (G1 Evacuation Pause) (young)2021-11-12T14:15:16.066-0800: 9122.163: [SoftReference, 89 refs, 0.0001861 secs]2021-11-12T14:15:16.066-0800: 9122.163: [WeakReference, 429 refs, 0.0001313 secs]2021-11-12T14:15:16.067-0800: 9122.163: [FinalReference, 1 refs, 0.0000353 secs]2021-11-12T14:15:16.067-0800: 9122.163: [PhantomReference, 20 refs, 1 refs, 0.0010290 secs]2021-11-12T14:15:16.068-0800: 9122.164: [JNI Weak Reference, 0.0013009 secs], 0.0315772 secs]
   [Parallel Time: 27.7 ms, GC Workers: 8]
      [GC Worker Start (ms): Min: 9122134.8, Avg: 9122137.2, Max: 9122141.0, Diff: 6.2]
      [Ext Root Scanning (ms): Min: 0.0, Avg: 1.7, Max: 10.0, Diff: 10.0, Sum: 13.7]
      [Update RS (ms): Min: 0.0, Avg: 1.7, Max: 4.1, Diff: 4.1, Sum: 13.9]
         [Processed Buffers: Min: 0, Avg: 2.5, Max: 7, Diff: 7, Sum: 20]
      [Scan RS (ms): Min: 0.0, Avg: 0.1, Max: 0.1, Diff: 0.1, Sum: 0.5]
      [Code Root Scanning (ms): Min: 0.0, Avg: 8.4, Max: 21.8, Diff: 21.8, Sum: 67.3]
      [Object Copy (ms): Min: 0.0, Avg: 6.2, Max: 12.8, Diff: 12.8, Sum: 49.3]
      [Termination (ms): Min: 0.0, Avg: 6.9, Max: 9.3, Diff: 9.3, Sum: 55.5]
         [Termination Attempts: Min: 1, Avg: 1.6, Max: 3, Diff: 2, Sum: 13]
      [GC Worker Other (ms): Min: 0.0, Avg: 0.0, Max: 0.1, Diff: 0.0, Sum: 0.3]
      [GC Worker Total (ms): Min: 21.3, Avg: 25.1, Max: 27.5, Diff: 6.1, Sum: 200.5]
      [GC Worker End (ms): Min: 9122162.3, Avg: 9122162.3, Max: 9122162.3, Diff: 0.0]
   [Code Root Fixup: 0.1 ms]
   [Code Root Purge: 0.0 ms]
   [Clear CT: 0.2 ms]
   [Other: 3.6 ms]
      [Choose CSet: 0.0 ms]
      [Ref Proc: 3.0 ms]
      [Ref Enq: 0.0 ms]
      [Redirty Cards: 0.1 ms]
      [Humongous Register: 0.1 ms]
      [Humongous Reclaim: 0.0 ms]
      [Free CSet: 0.2 ms]
   [Eden: 144.0M(144.0M)->0.0B(145.0M) Survivors: 9216.0K->8192.0K Heap: 169.4M(256.0M)->26.2M(256.0M)]
 [Times: user=0.10 sys=0.02, real=0.04 secs] 
2021-11-12T14:25:46.638-0800: 9752.736: [GC pause (G1 Evacuation Pause) (young)2021-11-12T14:25:46.663-0800: 9752.761: [SoftReference, 17 refs, 0.0004813 secs]2021-11-12T14:25:46.663-0800: 9752.761: [WeakReference, 337 refs, 0.0000932 secs]2021-11-12T14:25:46.663-0800: 9752.761: [FinalReference, 107 refs, 0.0008287 secs]2021-11-12T14:25:46.664-0800: 9752.762: [PhantomReference, 0 refs, 7 refs, 0.0000195 secs]2021-11-12T14:25:46.664-0800: 9752.762: [JNI Weak Reference, 0.0014767 secs], 0.0290900 secs]
   [Parallel Time: 24.1 ms, GC Workers: 8]
      [GC Worker Start (ms): Min: 9752736.2, Avg: 9752736.4, Max: 9752736.6, Diff: 0.3]
      [Ext Root Scanning (ms): Min: 4.7, Avg: 7.3, Max: 11.3, Diff: 6.6, Sum: 58.5]
      [Update RS (ms): Min: 0.0, Avg: 2.4, Max: 5.2, Diff: 5.2, Sum: 18.9]
         [Processed Buffers: Min: 0, Avg: 3.0, Max: 9, Diff: 9, Sum: 24]
      [Scan RS (ms): Min: 0.0, Avg: 0.0, Max: 0.2, Diff: 0.2, Sum: 0.3]
      [Code Root Scanning (ms): Min: 0.0, Avg: 6.1, Max: 13.3, Diff: 13.3, Sum: 48.7]
      [Object Copy (ms): Min: 0.0, Avg: 5.4, Max: 9.8, Diff: 9.7, Sum: 43.2]
      [Termination (ms): Min: 0.0, Avg: 2.5, Max: 3.9, Diff: 3.9, Sum: 20.2]
         [Termination Attempts: Min: 1, Avg: 2.0, Max: 3, Diff: 2, Sum: 16]
      [GC Worker Other (ms): Min: 0.0, Avg: 0.0, Max: 0.0, Diff: 0.0, Sum: 0.2]
      [GC Worker Total (ms): Min: 23.6, Avg: 23.8, Max: 23.9, Diff: 0.3, Sum: 190.1]
      [GC Worker End (ms): Min: 9752760.1, Avg: 9752760.1, Max: 9752760.2, Diff: 0.0]
   [Code Root Fixup: 0.2 ms]
   [Code Root Purge: 0.0 ms]
   [Clear CT: 0.4 ms]
   [Other: 4.4 ms]
      [Choose CSet: 0.0 ms]
      [Ref Proc: 3.3 ms]
      [Ref Enq: 0.0 ms]
      [Redirty Cards: 0.2 ms]
      [Humongous Register: 0.1 ms]
      [Humongous Reclaim: 0.0 ms]
      [Free CSet: 0.5 ms]
   [Eden: 145.0M(145.0M)->0.0B(148.0M) Survivors: 8192.0K->5120.0K Heap: 171.2M(256.0M)->27.7M(256.0M)]
 [Times: user=0.07 sys=0.02, real=0.03 secs] 
Heap
 garbage-first heap   total 262144K, used 82633K [0x00000006c0000000, 0x00000006c0100800, 0x00000007c0000000)
  region size 1024K, 59 young (60416K), 5 survivors (5120K)
 Metaspace       used 42030K, capacity 44519K, committed 44672K, reserved 1087488K
  class space    used 5463K, capacity 5928K, committed 6016K, reserved 1048576K
